******************************************************************************
             TMS320C2000 Linker PC v22.6.0                     
******************************************************************************
>> Linked Mon Jan 13 18:42:07 2025

OUTPUT FILE NAME:   <spi_ex1_loopback.out>
ENTRY POINT SYMBOL: "code_start"  address: 00000000


MEMORY CONFIGURATION

         name            origin    length      used     unused   attr    fill
----------------------  --------  ---------  --------  --------  ----  --------
PAGE 0:
  BEGIN                 00000000   00000002  00000002  00000000  RWIX
  RAMM0                 00000123   000002dd  00000018  000002c5  RWIX
  RAMLS0                00008000   00000800  000007df  00000021  RWIX
  RAMLS1                00008800   00000800  00000000  00000800  RWIX
  RAMLS2                00009000   00000800  00000000  00000800  RWIX
  RAMLS3                00009800   00000800  00000000  00000800  RWIX
  RAMLS4                0000a000   00000800  00000000  00000800  RWIX
  RAMD0                 0000b000   00000800  00000800  00000000  RWIX
  RESET                 003fffc0   00000002  00000000  00000002  RWIX

PAGE 1:
  BOOT_RSVD             00000002   00000121  00000000  00000121  RWIX
  RAMM1                 00000400   000003f8  000003f8  00000000  RWIX
  RAMLS5                0000a800   00000800  00000362  0000049e  RWIX
  RAMD1                 0000b800   00000800  00000000  00000800  RWIX
  RAMGS0                0000c000   00001000  00000000  00001000  RWIX
  RAMGS1                0000d000   00001000  00000000  00001000  RWIX
  RAMGS2                0000e000   00001000  00000000  00001000  RWIX
  RAMGS3                0000f000   00001000  00000000  00001000  RWIX
  RAMGS4                00010000   00001000  00000000  00001000  RWIX
  RAMGS5                00011000   00001000  00000000  00001000  RWIX
  RAMGS6                00012000   00001000  00000000  00001000  RWIX
  RAMGS7                00013000   00001000  00000000  00001000  RWIX
  RAMGS8                00014000   00001000  00000000  00001000  RWIX
  RAMGS9                00015000   00001000  00000000  00001000  RWIX
  RAMGS10               00016000   00001000  00000000  00001000  RWIX
  RAMGS11               00017000   00000ff8  00000000  00000ff8  RWIX
  CANA_MSG_RAM          00049000   00000800  00000000  00000800  RWIX
  CANB_MSG_RAM          0004b000   00000800  00000000  00000800  RWIX


SECTION ALLOCATION MAP

 output                                  attributes/
section   page    origin      length       input sections
--------  ----  ----------  ----------   ----------------
codestart 
*          0    00000000    00000002     
                  00000000    00000002     F2837xS_CodeStartBranch.obj (codestart)

.cinit     0    00000128    00000014     
                  00000128    0000000b     (.cinit..data.load) [load image, compression = lzss]
                  00000133    00000001     --HOLE-- [fill = 0]
                  00000134    00000004     (__TI_handler_table)
                  00000138    00000004     (__TI_cinit_table)

.reset     0    003fffc0    00000000     DSECT

.stack     1    00000400    000003f8     UNINITIALIZED
                  00000400    000003f8     --HOLE--

.init_array 
*          0    00000123    00000000     UNINITIALIZED

.const     1    0000a800    00000345     
                  0000a800    000000c2     driverlib_eabi.lib : sysctl.obj (.const:.string)
                  0000a8c2    000000bc                        : gpio.obj (.const:.string)
                  0000a97e    000000bb                        : spi.obj (.const:.string)
                  0000aa39    00000001     --HOLE-- [fill = 0]
                  0000aa3a    0000007b     ads1248_pr100.obj (.const:.string)
                  0000aab5    00000001     --HOLE-- [fill = 0]
                  0000aab6    0000003e     spi_ex1_loopback.obj (.const:.string)
                  0000aaf4    0000003d     board.obj (.const:.string)
                  0000ab31    00000001     --HOLE-- [fill = 0]
                  0000ab32    00000013     device.obj (.const:.string)

.data      1    0000ab46    0000001d     UNINITIALIZED
                  0000ab46    00000008     ads1248_pr100.obj (.data:Spi_write_data)
                  0000ab4e    00000006     device.obj (.data)
                  0000ab54    00000006     rts2800_fpu32_eabi.lib : exit.c.obj (.data)
                  0000ab5a    00000004     spi_ex1_loopback.obj (.data)
                  0000ab5e    00000002     rts2800_fpu32_eabi.lib : _lock.c.obj (.data:_lock)
                  0000ab60    00000002                            : _lock.c.obj (.data:_unlock)
                  0000ab62    00000001     ads1248_pr100.obj (.data)

.TI.ramfunc 
*          0    00000123    00000004     
                  00000123    00000004     driverlib_eabi.lib : sysctl.obj (.TI.ramfunc)

.text.1    0    00008000    000007df     
                  00008000    000001c2     board.obj (.text)
                  000081c2    0000008f     spi_ex1_loopback.obj (.text)
                  00008251    00000088     rts2800_fpu32_eabi.lib : fs_div28.asm.obj (.text)
                  000082d9    00000068     driverlib_eabi.lib : sysctl.obj (.text:SysCtl_getDeviceParametric)
                  00008341    0000005c                        : spi.obj (.text:SPI_setConfig)
                  0000839d    00000052                        : gpio.obj (.text:GPIO_setPadConfig)
                  000083ef    00000051                        : sysctl.obj (.text:SysCtl_getClock)
                  00008440    00000048                        : sysctl.obj (.text:SysCtl_selectOscSource)
                  00008488    0000003d                        : interrupt.obj (.text:Interrupt_initModule)
                  000084c5    00000037                        : gpio.obj (.text:GPIO_setControllerCore)
                  000084fc    00000037                        : gpio.obj (.text:GPIO_setPinConfig)
                  00008533    00000037                        : gpio.obj (.text:GPIO_setQualificationMode)
                  0000856a    00000031                        : gpio.obj (.text:GPIO_setDirectionMode)
                  0000859b    0000002e     rts2800_fpu32_eabi.lib : copy_decompress_lzss.c.obj (.text:decompress:lzss)
                  000085c9    0000002b                            : autoinit.c.obj (.text:__TI_auto_init_nobinit_nopinit)
                  000085f4    00000029                            : exit.c.obj (.text)
                  0000861d    00000028     driverlib_eabi.lib : sysctl.obj (.text:CPUTimer_selectClockSource)
                  00008645    0000001f                        : sysctl.obj (.text:CPUTimer_getTimerOverflowStatus)
                  00008664    0000001e                        : interrupt.obj (.text:Interrupt_initVectorTable)
                  00008682    0000001d     rts2800_fpu32_eabi.lib : memcpy.c.obj (.text)
                  0000869f    0000001a     driverlib_eabi.lib : sysctl.obj (.text:CPUTimer_startTimer)
                  000086b9    0000001a                        : sysctl.obj (.text:SysCtl_getLowSpeedClock)
                  000086d3    00000017                        : spi.obj (.text:SPI_isBaseValid)
                  000086ea    00000017     rts2800_fpu32_eabi.lib : boot28.asm.obj (.text)
                  00008701    00000016     driverlib_eabi.lib : interrupt.obj (.text:Interrupt_defaultHandler)
                  00008717    00000014                        : sysctl.obj (.text:CPUTimer_stopTimer)
                  0000872b    00000012                        : sysctl.obj (.text:CPUTimer_clearOverflowFlag)
                  0000873d    00000012                        : sysctl.obj (.text:CPUTimer_disableInterrupt)
                  0000874f    00000011                        : sysctl.obj (.text:CPUTimer_setPeriod)
                  00008760    0000000f                        : sysctl.obj (.text:SysCtl_pollCpuTimer)
                  0000876f    0000000e                        : gpio.obj (.text:GPIO_isPinValid)
                  0000877d    0000000d                        : interrupt.obj (.text:Interrupt_disableGlobal)
                  0000878a    0000000c     rts2800_fpu32_eabi.lib : args_main.c.obj (.text)
                  00008796    0000000b     driverlib_eabi.lib : sysctl.obj (.text:SysCtl_isMCDClockFailureDetected)
                  000087a1    0000000a                        : interrupt.obj (.text:Interrupt_illegalOperationHandler)
                  000087ab    0000000a                        : interrupt.obj (.text:Interrupt_nmiHandler)
                  000087b5    00000009                        : sysctl.obj (.text:SysCtl_serviceWatchdog)
                  000087be    00000009     rts2800_fpu32_eabi.lib : _lock.c.obj (.text)
                  000087c7    00000008     F2837xS_CodeStartBranch.obj (.text)
                  000087cf    00000008     rts2800_fpu32_eabi.lib : copy_decompress_none.c.obj (.text:decompress:none)
                  000087d7    00000007     driverlib_eabi.lib : sysctl.obj (.text:SysCtl_resetMCD)
                  000087de    00000001     rts2800_fpu32_eabi.lib : startup.c.obj (.text)

.text.2    0    0000b000    00000800     
                  0000b000    00000307     ads1248_pr100.obj (.text)
                  0000b307    00000247     device.obj (.text)
                  0000b54e    00000209     driverlib_eabi.lib : sysctl.obj (.text:SysCtl_setClock)
                  0000b757    00000090                        : sysctl.obj (.text:SysCtl_selectXTAL)
                  0000b7e7    00000017                        : sysctl.obj (.text:CPUTimer_isBaseValid)
                  0000b7fe    00000002     rts2800_fpu32_eabi.lib : pre_init.c.obj (.text)

MODULE SUMMARY

       Module                        code   ro data   rw data
       ------                        ----   -------   -------
    .\
       ads1248_pr100.obj             775    123       9      
       spi_ex1_loopback.obj          143    62        4      
    +--+-----------------------------+------+---------+---------+
       Total:                        918    185       13     
                                                             
    .\device\
       device.obj                    583    19        6      
       F2837xS_CodeStartBranch.obj   10     0         0      
    +--+-----------------------------+------+---------+---------+
       Total:                        593    19        6      
                                                             
    .\syscfg\
       board.obj                     450    61        0      
    +--+-----------------------------+------+---------+---------+
       Total:                        450    61        0      
                                                             
    C:\ti\C2000Ware_5_04_00_00\driverlib\f2837xs\driverlib\ccs\Debug\driverlib_eabi.lib
       sysctl.obj                    1187   194       0      
       gpio.obj                      310    188       0      
       spi.obj                       115    187       0      
       interrupt.obj                 146    0         0      
    +--+-----------------------------+------+---------+---------+
       Total:                        1758   569       0      
                                                             
    C:\ti\ccs1230\ccs\tools\compiler\ti-cgt-c2000_22.6.0.LTS\lib\rts2800_fpu32_eabi.lib
       fs_div28.asm.obj              136    0         0      
       exit.c.obj                    41     0         6      
       copy_decompress_lzss.c.obj    46     0         0      
       autoinit.c.obj                43     0         0      
       memcpy.c.obj                  29     0         0      
       boot28.asm.obj                23     0         0      
       _lock.c.obj                   9      0         4      
       args_main.c.obj               12     0         0      
       copy_decompress_none.c.obj    8      0         0      
       pre_init.c.obj                2      0         0      
       startup.c.obj                 1      0         0      
    +--+-----------------------------+------+---------+---------+
       Total:                        350    0         10     
                                                             
       Stack:                        0      0         1016   
       Linker Generated:             0      19        0      
    +--+-----------------------------+------+---------+---------+
       Grand Total:                  4069   853       1045   


LINKER GENERATED COPY TABLES

__TI_cinit_table @ 00000138 records: 1, size/record: 4, table size: 4
	.data: load addr=00000128, load size=0000000b bytes, run addr=0000ab46, run size=0000001d bytes, compression=lzss


LINKER GENERATED HANDLER TABLE

__TI_handler_table @ 00000134 records: 2, size/record: 2, table size: 4
	index: 0, handler: __TI_decompress_lzss
	index: 1, handler: __TI_decompress_none


GLOBAL DATA SYMBOLS: SORTED BY DATA PAGE

address     data page           name
--------    ----------------    ----
00000400      10 (00000400)     __stack

0000ab46     2ad (0000ab40)     Spi_write_data
0000ab4e     2ad (0000ab40)     Example_Result
0000ab50     2ad (0000ab40)     Example_PassCount
0000ab52     2ad (0000ab40)     Example_Fail
0000ab54     2ad (0000ab40)     __TI_enable_exit_profile_output
0000ab56     2ad (0000ab40)     __TI_cleanup_ptr
0000ab58     2ad (0000ab40)     __TI_dtors_ptr
0000ab5a     2ad (0000ab40)     sData
0000ab5c     2ad (0000ab40)     rData
0000ab5e     2ad (0000ab40)     _lock
0000ab60     2ad (0000ab40)     _unlock
0000ab62     2ad (0000ab40)     testCnt


GLOBAL SYMBOLS: SORTED ALPHABETICALLY BY Name 

page  address   name                                     
----  -------   ----                                     
0     00008106  ADC_CS_1_init                            
0     0000816a  ADC_DRDY_1_init                          
0     0000812e  ADC_Reset_init                           
0     0000811a  ADC_Start_1_init                         
0     0000b072  ADS1248_Init                             
0     0000b288  ADS1248_readRegister                     
0     0000b2c7  ADS1248_writeRegister                    
0     00008096  Board_init                               
0     000085f4  C$$EXIT                                  
0     0000b50b  Device_configureTMXAnalogTrim            
0     0000b3b9  Device_enableAllPeripherals              
0     0000b4f5  Device_enableUnbondedGPIOPullups         
0     0000b4d8  Device_enableUnbondedGPIOPullupsFor100Pin
0     0000b4c5  Device_enableUnbondedGPIOPullupsFor176Pin
0     0000b377  Device_init                              
0     0000b4a4  Device_initGPIO                          
1     0000ab52  Example_Fail                             
1     0000ab50  Example_PassCount                        
1     0000ab4e  Example_Result                           
0     0000b54d  Example_done                             
0     0000b548  Example_setResultFail                    
0     0000b543  Example_setResultPass                    
0     000080f7  GPIO_init                                
0     000084c5  GPIO_setControllerCore                   
0     0000856a  GPIO_setDirectionMode                    
0     0000839d  GPIO_setPadConfig                        
0     000084fc  GPIO_setPinConfig                        
0     00008533  GPIO_setQualificationMode                
0     00008701  Interrupt_defaultHandler                 
0     000087a1  Interrupt_illegalOperationHandler        
0     00008488  Interrupt_initModule                     
0     00008664  Interrupt_initVectorTable                
0     000087ab  Interrupt_nmiHandler                     
0     0000817e  LED_RED_init                             
0     0000809f  PinMux_init                              
0     00008142  RTD_Sel0_init                            
0     00008156  RTD_Sel1_init                            
0     00008192  SPI_init                                 
0     00008341  SPI_setConfig                            
0     0000b266  Spi_Read_write_8bit                      
1     0000ab46  Spi_write_data                           
0     00000123  SysCtl_delay                             
0     000083ef  SysCtl_getClock                          
0     000082d9  SysCtl_getDeviceParametric               
0     000086b9  SysCtl_getLowSpeedClock                  
0     00008440  SysCtl_selectOscSource                   
0     0000b757  SysCtl_selectXTAL                        
0     0000b54e  SysCtl_setClock                          
0     00000138  __TI_CINIT_Base                          
0     0000013c  __TI_CINIT_Limit                         
0     0000013c  __TI_CINIT_Warm                          
0     00000134  __TI_Handler_Table_Base                  
0     00000138  __TI_Handler_Table_Limit                 
1     000007f8  __TI_STACK_END                           
abs   000003f8  __TI_STACK_SIZE                          
0     000085c9  __TI_auto_init_nobinit_nopinit           
1     0000ab56  __TI_cleanup_ptr                         
0     0000859b  __TI_decompress_lzss                     
0     000087cf  __TI_decompress_none                     
1     0000ab58  __TI_dtors_ptr                           
1     0000ab54  __TI_enable_exit_profile_output          
abs   ffffffff  __TI_pprof_out_hndl                      
abs   ffffffff  __TI_prof_data_size                      
abs   ffffffff  __TI_prof_data_start                     
0     00008251  __c28xabi_divf                           
n/a   UNDEFED   __c_args__                               
0     0000b53c  __error__                                
1     00000400  __stack                                  
0     0000878a  _args_main                               
0     000086ea  _c_int00                                 
1     0000ab5e  _lock                                    
0     000087c6  _nop                                     
0     000087c2  _register_lock                           
0     000087be  _register_unlock                         
0     000087de  _system_post_cinit                       
0     0000b7fe  _system_pre_init                         
1     0000ab60  _unlock                                  
0     000085f4  abort                                    
0     00000000  code_start                               
0     000085f6  exit                                     
0     0000821a  main                                     
0     00008682  memcpy                                   
0     00008195  mySPI0_init                              
1     0000ab5c  rData                                    
1     0000ab5a  sData                                    
0     0000b167  select_Channel                           
0     0000b1fa  spi_read_data                            
0     0000b232  spi_read_id                              
1     0000ab62  testCnt                                  


GLOBAL SYMBOLS: SORTED BY Symbol Address 

page  address   name                                     
----  -------   ----                                     
0     00000000  code_start                               
0     00000123  SysCtl_delay                             
0     00000134  __TI_Handler_Table_Base                  
0     00000138  __TI_CINIT_Base                          
0     00000138  __TI_Handler_Table_Limit                 
0     0000013c  __TI_CINIT_Limit                         
0     0000013c  __TI_CINIT_Warm                          
0     00008096  Board_init                               
0     0000809f  PinMux_init                              
0     000080f7  GPIO_init                                
0     00008106  ADC_CS_1_init                            
0     0000811a  ADC_Start_1_init                         
0     0000812e  ADC_Reset_init                           
0     00008142  RTD_Sel0_init                            
0     00008156  RTD_Sel1_init                            
0     0000816a  ADC_DRDY_1_init                          
0     0000817e  LED_RED_init                             
0     00008192  SPI_init                                 
0     00008195  mySPI0_init                              
0     0000821a  main                                     
0     00008251  __c28xabi_divf                           
0     000082d9  SysCtl_getDeviceParametric               
0     00008341  SPI_setConfig                            
0     0000839d  GPIO_setPadConfig                        
0     000083ef  SysCtl_getClock                          
0     00008440  SysCtl_selectOscSource                   
0     00008488  Interrupt_initModule                     
0     000084c5  GPIO_setControllerCore                   
0     000084fc  GPIO_setPinConfig                        
0     00008533  GPIO_setQualificationMode                
0     0000856a  GPIO_setDirectionMode                    
0     0000859b  __TI_decompress_lzss                     
0     000085c9  __TI_auto_init_nobinit_nopinit           
0     000085f4  C$$EXIT                                  
0     000085f4  abort                                    
0     000085f6  exit                                     
0     00008664  Interrupt_initVectorTable                
0     00008682  memcpy                                   
0     000086b9  SysCtl_getLowSpeedClock                  
0     000086ea  _c_int00                                 
0     00008701  Interrupt_defaultHandler                 
0     0000878a  _args_main                               
0     000087a1  Interrupt_illegalOperationHandler        
0     000087ab  Interrupt_nmiHandler                     
0     000087be  _register_unlock                         
0     000087c2  _register_lock                           
0     000087c6  _nop                                     
0     000087cf  __TI_decompress_none                     
0     000087de  _system_post_cinit                       
0     0000b072  ADS1248_Init                             
0     0000b167  select_Channel                           
0     0000b1fa  spi_read_data                            
0     0000b232  spi_read_id                              
0     0000b266  Spi_Read_write_8bit                      
0     0000b288  ADS1248_readRegister                     
0     0000b2c7  ADS1248_writeRegister                    
0     0000b377  Device_init                              
0     0000b3b9  Device_enableAllPeripherals              
0     0000b4a4  Device_initGPIO                          
0     0000b4c5  Device_enableUnbondedGPIOPullupsFor176Pin
0     0000b4d8  Device_enableUnbondedGPIOPullupsFor100Pin
0     0000b4f5  Device_enableUnbondedGPIOPullups         
0     0000b50b  Device_configureTMXAnalogTrim            
0     0000b53c  __error__                                
0     0000b543  Example_setResultPass                    
0     0000b548  Example_setResultFail                    
0     0000b54d  Example_done                             
0     0000b54e  SysCtl_setClock                          
0     0000b757  SysCtl_selectXTAL                        
0     0000b7fe  _system_pre_init                         
1     00000400  __stack                                  
1     000007f8  __TI_STACK_END                           
1     0000ab46  Spi_write_data                           
1     0000ab4e  Example_Result                           
1     0000ab50  Example_PassCount                        
1     0000ab52  Example_Fail                             
1     0000ab54  __TI_enable_exit_profile_output          
1     0000ab56  __TI_cleanup_ptr                         
1     0000ab58  __TI_dtors_ptr                           
1     0000ab5a  sData                                    
1     0000ab5c  rData                                    
1     0000ab5e  _lock                                    
1     0000ab60  _unlock                                  
1     0000ab62  testCnt                                  
abs   000003f8  __TI_STACK_SIZE                          
abs   ffffffff  __TI_pprof_out_hndl                      
abs   ffffffff  __TI_prof_data_size                      
abs   ffffffff  __TI_prof_data_start                     
n/a   UNDEFED   __c_args__                               

[89 symbols]
